Schedule is feasible
 -  All jobs are allocated to exactly one machine
Schedule does not satisfies user fixed decisions because:
 -  Job A cannot be allocated and not be allocated to machines {1}
Schedule is efficient
 -  All jobs satisfy single and pairwise exchange properties
