Schedule is feasible
 -  All jobs are allocated to exactly one machine
Schedule does not satisfies user fixed decisions because:
 -  Job A cannot be allocated to multiple machines {1, 2}
Schedule is efficient
 -  All jobs satisfy single and pairwise exchange properties
