Schedule is feasible
 -  All jobs are allocated to exactly one machine
Schedule does satisfies user fixed decisions
 -  All jobs satisfy all fixed decisions
Schedule is efficient
 -  All jobs satisfy single and pairwise exchange properties
